[2026-09-14T15:14:21.673Z] GET /
[2026-09-14T15:14:21.689Z] GET /about
[2026-09-14T15:14:21.691Z] GET /api/books
[2026-09-14T15:14:21.697Z] GET /api/books?category=IT&limit=2
[2026-09-14T15:14:21.706Z] POST /api/books
[2026-09-14T15:14:21.712Z] PUT /api/books
[2026-09-14T15:14:21.715Z] GET /download
[2026-09-14T15:14:21.721Z] GET /style.css
[2026-09-14T15:14:21.725Z] GET /booknest-banner.svg
[2026-09-14T15:14:21.729Z] GET /non-existent-page-xyz
[2026-09-14T15:17:40.099Z] GET /
[2026-09-14T15:17:40.235Z] GET /style.css
[2026-09-14T15:17:40.240Z] GET /booknest-banner.svg
[2026-09-14T15:17:41.097Z] GET /favicon.ico
[2026-09-14T15:17:41.169Z] GET /
[2026-09-14T15:17:41.307Z] GET /style.css
[2026-09-14T15:17:41.309Z] GET /booknest-banner.svg
[2026-09-14T15:18:00.233Z] GET /about
[2026-09-14T15:18:00.340Z] GET /style.css
[2026-09-14T15:18:08.564Z] GET /
[2026-09-14T15:18:08.612Z] GET /style.css
[2026-09-14T15:18:08.614Z] GET /booknest-banner.svg
[2026-09-14T15:18:11.043Z] GET /about
[2026-09-14T15:18:11.099Z] GET /style.css
[2026-09-14T15:18:12.073Z] GET /about
[2026-09-14T15:18:12.119Z] GET /style.css
[2026-09-14T15:18:13.990Z] GET /
[2026-09-14T15:18:14.042Z] GET /style.css
[2026-09-14T15:18:14.045Z] GET /booknest-banner.svg
[2026-09-14T15:18:15.611Z] GET /api/books
[2026-09-14T15:18:24.644Z] GET /api/books
[2026-09-14T15:20:08.132Z] GET /
[2026-09-14T15:20:20.415Z] GET /about
[2026-09-14T15:20:44.341Z] GET /api/books
[2026-09-14T15:21:02.325Z] GET /api/books?category=IT&limit=2
[2026-09-14T15:21:22.116Z] GET /download
[2026-09-14T15:29:59.553Z] GET /
[2026-09-14T15:30:42.684Z] GET /about
[2026-09-14T15:31:05.199Z] GET /api/books
[2026-09-14T15:32:19.832Z] GET /api/books
[2026-09-14T15:32:50.722Z] GET /api/books?category=IT&limit=2
[2026-09-14T15:36:25.504Z] GET /download
[2026-09-14T15:36:28.073Z] GET /download
[2026-09-14T15:40:08.383Z] GET /
[2026-09-14T15:40:08.404Z] GET /about
[2026-09-14T15:40:08.408Z] GET /api/books
[2026-09-14T15:40:08.412Z] GET /api/books?category=IT&limit=2
[2026-09-14T15:40:08.421Z] POST /api/books
[2026-09-14T15:40:08.429Z] PUT /api/books
[2026-09-14T15:40:08.432Z] GET /download
[2026-09-14T15:40:08.438Z] GET /style.css
[2026-09-14T15:40:08.442Z] GET /booknest-banner.svg
[2026-09-14T15:40:08.445Z] GET /non-existent-page-xyz
